// Jest Snapshot v1, https://goo.gl/fbAQLP

exports[`<Logo /> should render the heading 1`] = `
.c0 {
  font-family: 'Lexend',-apple-system,BlinkMacSystemFont,'Segoe UI',Roboto,Oxygen,Ubuntu,Cantarell,'Open Sans','Helvetica Neue',sans-serif;
  font-weight: 600;
  font-size: 3.2rem;
  color: #5c63ef;
}

<div
  class=""
>
  <h2
    class="c0"
    color="primary"
  >
    mobg
  </h2>
</div>
`;
